
> build
> vite build

vite v6.3.4 building for production...
transforming...

/assets/images/profile-bg.svg referenced in /assets/images/profile-bg.svg didn't resolve at build time, it will remain unchanged to be resolved at runtime

/assets/images/body-bg.svg referenced in /assets/images/body-bg.svg didn't resolve at build time, it will remain unchanged to be resolved at runtime
✓ 2409 modules transformed.
✗ Build failed in 3.12s
error during build:
[vite:load-fallback] Could not load /Users/jgudhlanga/Projects/HararePoly/hrepoly/resources/js/components/core/PageContainer.vue (imported by resources/js/pages/dashboard/Index.vue?vue&type=script&setup=true&lang.ts): ENOENT: no such file or directory, open '/Users/jgudhlanga/Projects/HararePoly/hrepoly/resources/js/components/core/PageContainer.vue'
    at async open (node:internal/fs/promises:639:25)
    at async Object.readFile (node:internal/fs/promises:1249:14)
    at async Object.handler (file:///Users/jgudhlanga/Projects/HararePoly/hrepoly/node_modules/vite/dist/node/chunks/dep-Bn81Esdm.js:45843:27)
    at async PluginDriver.hookFirstAndGetPlugin (file:///Users/jgudhlanga/Projects/HararePoly/hrepoly/node_modules/rollup/dist/es/shared/node-entry.js:22849:28)
    at async file:///Users/jgudhlanga/Projects/HararePoly/hrepoly/node_modules/rollup/dist/es/shared/node-entry.js:21833:33
    at async Queue.work (file:///Users/jgudhlanga/Projects/HararePoly/hrepoly/node_modules/rollup/dist/es/shared/node-entry.js:23077:32)
